// Jest Snapshot v1, https://goo.gl/fbAQLP

exports[`end game matches snapshot after lose 1`] = `
<div>
  <div
    class="Snowman"
  >
    <img
      alt="1"
      src="1.png"
    />
    <p>
      Number wrong: 
      1
    </p>
    <p
      class="Snowman-word"
    >
      _
      _
      _
      _
      _
    </p>
    <p
      class="lose"
    >
      You lose 
    </p>
  </div>
</div>
`;
